{"tool":"phpunit","result":"failed","tests":1,"passed":0,"assertions":2,"duration_ms":390,"errors":1,"error_details":[{"test":"Tests\\Feature\\UserRegistrationApprovalTest::test_manajer_dapat_mendaftarkan_operator_dan_wali_kelas_baru","file":"A:\\Project\\SMKN 2 Indramayu\\Bank Sampah App\\tests\\Feature\\UserRegistrationApprovalTest.php","line":193,"message":"Call to a member function all() on array"}]}
